[2022-01-30T15:57:04.236-0500][gc] Using G1
[2022-01-30T15:57:04.244-0500][gc,init] Version: 17.0.1+12-LTS-39 (release)
[2022-01-30T15:57:04.244-0500][gc,init] CPUs: 12 total, 12 available
[2022-01-30T15:57:04.244-0500][gc,init] Memory: 32768M
[2022-01-30T15:57:04.244-0500][gc,init] Large Page Support: Disabled
[2022-01-30T15:57:04.244-0500][gc,init] NUMA Support: Disabled
[2022-01-30T15:57:04.244-0500][gc,init] Compressed Oops: Enabled (Zero based)
[2022-01-30T15:57:04.244-0500][gc,init] Heap Region Size: 1M
[2022-01-30T15:57:04.244-0500][gc,init] Heap Min Capacity: 1G
[2022-01-30T15:57:04.244-0500][gc,init] Heap Initial Capacity: 1G
[2022-01-30T15:57:04.244-0500][gc,init] Heap Max Capacity: 1G
[2022-01-30T15:57:04.244-0500][gc,init] Pre-touch: Disabled
[2022-01-30T15:57:04.244-0500][gc,init] Parallel Workers: 10
[2022-01-30T15:57:04.244-0500][gc,init] Concurrent Workers: 3
[2022-01-30T15:57:04.244-0500][gc,init] Concurrent Refinement Workers: 10
[2022-01-30T15:57:04.244-0500][gc,init] Periodic GC: Disabled
[2022-01-30T15:57:04.244-0500][gc,metaspace] CDS archive(s) mapped at: [0x0000000800000000-0x0000000800bd4000-0x0000000800bd4000), size 12402688, SharedBaseAddress: 0x0000000800000000, ArchiveRelocationMode: 0.
[2022-01-30T15:57:04.244-0500][gc,metaspace] Compressed class space mapped at: 0x0000000800c00000-0x0000000840c00000, reserved size: 1073741824
[2022-01-30T15:57:04.244-0500][gc,metaspace] Narrow klass base: 0x0000000800000000, Narrow klass shift: 0, Narrow klass range: 0x100000000
[2022-01-30T15:57:05.844-0500][gc,start    ] GC(0) Pause Young (Normal) (G1 Evacuation Pause)
[2022-01-30T15:57:05.845-0500][gc,task     ] GC(0) Using 10 workers of 10 for evacuation
[2022-01-30T15:57:05.849-0500][gc,phases   ] GC(0)   Pre Evacuate Collection Set: 0.1ms
[2022-01-30T15:57:05.849-0500][gc,phases   ] GC(0)   Merge Heap Roots: 0.0ms
[2022-01-30T15:57:05.849-0500][gc,phases   ] GC(0)   Evacuate Collection Set: 3.8ms
[2022-01-30T15:57:05.849-0500][gc,phases   ] GC(0)   Post Evacuate Collection Set: 0.4ms
[2022-01-30T15:57:05.849-0500][gc,phases   ] GC(0)   Other: 0.7ms
[2022-01-30T15:57:05.849-0500][gc,heap     ] GC(0) Eden regions: 51->0(44)
[2022-01-30T15:57:05.849-0500][gc,heap     ] GC(0) Survivor regions: 0->7(7)
[2022-01-30T15:57:05.849-0500][gc,heap     ] GC(0) Old regions: 0->1
[2022-01-30T15:57:05.849-0500][gc,heap     ] GC(0) Archive regions: 2->2
[2022-01-30T15:57:05.849-0500][gc,heap     ] GC(0) Humongous regions: 0->0
[2022-01-30T15:57:05.849-0500][gc,metaspace] GC(0) Metaspace: 18563K(18688K)->18563K(18688K) NonClass: 16334K(16384K)->16334K(16384K) Class: 2229K(2304K)->2229K(2304K)
[2022-01-30T15:57:05.849-0500][gc          ] GC(0) Pause Young (Normal) (G1 Evacuation Pause) 51M->7M(1024M) 5.194ms
[2022-01-30T15:57:05.849-0500][gc,cpu      ] GC(0) User=0.02s Sys=0.01s Real=0.00s
[2022-01-30T15:57:06.301-0500][gc,start    ] GC(1) Pause Young (Concurrent Start) (Metadata GC Threshold)
[2022-01-30T15:57:06.301-0500][gc,task     ] GC(1) Using 10 workers of 10 for evacuation
[2022-01-30T15:57:06.308-0500][gc,phases   ] GC(1)   Pre Evacuate Collection Set: 0.1ms
[2022-01-30T15:57:06.308-0500][gc,phases   ] GC(1)   Merge Heap Roots: 0.1ms
[2022-01-30T15:57:06.308-0500][gc,phases   ] GC(1)   Evacuate Collection Set: 5.3ms
[2022-01-30T15:57:06.308-0500][gc,phases   ] GC(1)   Post Evacuate Collection Set: 0.3ms
[2022-01-30T15:57:06.308-0500][gc,phases   ] GC(1)   Other: 1.0ms
[2022-01-30T15:57:06.308-0500][gc,heap     ] GC(1) Eden regions: 12->0(49)
[2022-01-30T15:57:06.308-0500][gc,heap     ] GC(1) Survivor regions: 7->2(7)
[2022-01-30T15:57:06.308-0500][gc,heap     ] GC(1) Old regions: 1->7
[2022-01-30T15:57:06.308-0500][gc,heap     ] GC(1) Archive regions: 2->2
[2022-01-30T15:57:06.308-0500][gc,heap     ] GC(1) Humongous regions: 129->129
[2022-01-30T15:57:06.308-0500][gc,metaspace] GC(1) Metaspace: 21308K(21504K)->21308K(21504K) NonClass: 18718K(18816K)->18718K(18816K) Class: 2589K(2688K)->2589K(2688K)
[2022-01-30T15:57:06.308-0500][gc          ] GC(1) Pause Young (Concurrent Start) (Metadata GC Threshold) 148M->138M(1024M) 6.890ms
[2022-01-30T15:57:06.308-0500][gc,cpu      ] GC(1) User=0.03s Sys=0.02s Real=0.00s
[2022-01-30T15:57:06.308-0500][gc          ] GC(2) Concurrent Mark Cycle
[2022-01-30T15:57:06.308-0500][gc,marking  ] GC(2) Concurrent Clear Claimed Marks
[2022-01-30T15:57:06.308-0500][gc,marking  ] GC(2) Concurrent Clear Claimed Marks 0.016ms
[2022-01-30T15:57:06.308-0500][gc,marking  ] GC(2) Concurrent Scan Root Regions
[2022-01-30T15:57:06.310-0500][gc,marking  ] GC(2) Concurrent Scan Root Regions 2.198ms
[2022-01-30T15:57:06.310-0500][gc,marking  ] GC(2) Concurrent Mark
[2022-01-30T15:57:06.310-0500][gc,marking  ] GC(2) Concurrent Mark From Roots
[2022-01-30T15:57:06.310-0500][gc,task     ] GC(2) Using 3 workers of 3 for marking
[2022-01-30T15:57:06.312-0500][gc,marking  ] GC(2) Concurrent Mark From Roots 1.816ms
[2022-01-30T15:57:06.312-0500][gc,marking  ] GC(2) Concurrent Preclean
[2022-01-30T15:57:06.312-0500][gc,marking  ] GC(2) Concurrent Preclean 0.031ms
[2022-01-30T15:57:06.312-0500][gc,start    ] GC(2) Pause Remark
[2022-01-30T15:57:06.313-0500][gc          ] GC(2) Pause Remark 139M->139M(1024M) 1.058ms
[2022-01-30T15:57:06.313-0500][gc,cpu      ] GC(2) User=0.00s Sys=0.00s Real=0.00s
[2022-01-30T15:57:06.313-0500][gc,marking  ] GC(2) Concurrent Mark 3.117ms
[2022-01-30T15:57:06.313-0500][gc,marking  ] GC(2) Concurrent Rebuild Remembered Sets
[2022-01-30T15:57:06.313-0500][gc,marking  ] GC(2) Concurrent Rebuild Remembered Sets 0.011ms
[2022-01-30T15:57:06.314-0500][gc,start    ] GC(2) Pause Cleanup
[2022-01-30T15:57:06.314-0500][gc          ] GC(2) Pause Cleanup 139M->139M(1024M) 0.026ms
[2022-01-30T15:57:06.314-0500][gc,cpu      ] GC(2) User=0.00s Sys=0.00s Real=0.00s
[2022-01-30T15:57:06.314-0500][gc,marking  ] GC(2) Concurrent Cleanup for Next Mark
[2022-01-30T15:57:06.318-0500][gc,marking  ] GC(2) Concurrent Cleanup for Next Mark 4.553ms
[2022-01-30T15:57:06.319-0500][gc          ] GC(2) Concurrent Mark Cycle 10.563ms
[2022-01-30T15:57:07.144-0500][gc,start    ] GC(3) Pause Young (Normal) (G1 Evacuation Pause)
[2022-01-30T15:57:07.144-0500][gc,task     ] GC(3) Using 10 workers of 10 for evacuation
[2022-01-30T15:57:07.149-0500][gc,phases   ] GC(3)   Pre Evacuate Collection Set: 0.1ms
[2022-01-30T15:57:07.149-0500][gc,phases   ] GC(3)   Merge Heap Roots: 0.1ms
[2022-01-30T15:57:07.149-0500][gc,phases   ] GC(3)   Evacuate Collection Set: 3.6ms
[2022-01-30T15:57:07.149-0500][gc,phases   ] GC(3)   Post Evacuate Collection Set: 0.6ms
[2022-01-30T15:57:07.149-0500][gc,phases   ] GC(3)   Other: 0.1ms
[2022-01-30T15:57:07.149-0500][gc,heap     ] GC(3) Eden regions: 49->0(45)
[2022-01-30T15:57:07.149-0500][gc,heap     ] GC(3) Survivor regions: 2->6(7)
[2022-01-30T15:57:07.149-0500][gc,heap     ] GC(3) Old regions: 7->7
[2022-01-30T15:57:07.149-0500][gc,heap     ] GC(3) Archive regions: 2->2
[2022-01-30T15:57:07.149-0500][gc,heap     ] GC(3) Humongous regions: 129->129
[2022-01-30T15:57:07.149-0500][gc,metaspace] GC(3) Metaspace: 32690K(32960K)->32690K(32960K) NonClass: 28969K(29120K)->28969K(29120K) Class: 3720K(3840K)->3720K(3840K)
[2022-01-30T15:57:07.149-0500][gc          ] GC(3) Pause Young (Normal) (G1 Evacuation Pause) 187M->142M(1024M) 4.596ms
[2022-01-30T15:57:07.149-0500][gc,cpu      ] GC(3) User=0.03s Sys=0.00s Real=0.00s
[2022-01-30T15:59:17.746-0500][gc,start    ] GC(4) Pause Young (Concurrent Start) (Metadata GC Threshold)
[2022-01-30T15:59:17.747-0500][gc,task     ] GC(4) Using 10 workers of 10 for evacuation
[2022-01-30T15:59:17.752-0500][gc,phases   ] GC(4)   Pre Evacuate Collection Set: 0.1ms
[2022-01-30T15:59:17.752-0500][gc,phases   ] GC(4)   Merge Heap Roots: 0.1ms
[2022-01-30T15:59:17.752-0500][gc,phases   ] GC(4)   Evacuate Collection Set: 4.2ms
[2022-01-30T15:59:17.752-0500][gc,phases   ] GC(4)   Post Evacuate Collection Set: 0.5ms
[2022-01-30T15:59:17.752-0500][gc,phases   ] GC(4)   Other: 0.2ms
[2022-01-30T15:59:17.752-0500][gc,heap     ] GC(4) Eden regions: 16->0(49)
[2022-01-30T15:59:17.752-0500][gc,heap     ] GC(4) Survivor regions: 6->2(7)
[2022-01-30T15:59:17.752-0500][gc,heap     ] GC(4) Old regions: 7->13
[2022-01-30T15:59:17.752-0500][gc,heap     ] GC(4) Archive regions: 2->2
[2022-01-30T15:59:17.752-0500][gc,heap     ] GC(4) Humongous regions: 129->129
[2022-01-30T15:59:17.752-0500][gc,metaspace] GC(4) Metaspace: 35763K(36096K)->35763K(36096K) NonClass: 31511K(31680K)->31511K(31680K) Class: 4251K(4416K)->4251K(4416K)
[2022-01-30T15:59:17.752-0500][gc          ] GC(4) Pause Young (Concurrent Start) (Metadata GC Threshold) 157M->143M(1024M) 5.255ms
[2022-01-30T15:59:17.752-0500][gc,cpu      ] GC(4) User=0.04s Sys=0.00s Real=0.01s
[2022-01-30T15:59:17.752-0500][gc          ] GC(5) Concurrent Mark Cycle
[2022-01-30T15:59:17.752-0500][gc,marking  ] GC(5) Concurrent Clear Claimed Marks
[2022-01-30T15:59:17.752-0500][gc,marking  ] GC(5) Concurrent Clear Claimed Marks 0.027ms
[2022-01-30T15:59:17.752-0500][gc,marking  ] GC(5) Concurrent Scan Root Regions
[2022-01-30T15:59:17.754-0500][gc,marking  ] GC(5) Concurrent Scan Root Regions 2.503ms
[2022-01-30T15:59:17.754-0500][gc,marking  ] GC(5) Concurrent Mark
[2022-01-30T15:59:17.754-0500][gc,marking  ] GC(5) Concurrent Mark From Roots
[2022-01-30T15:59:17.754-0500][gc,task     ] GC(5) Using 3 workers of 3 for marking
[2022-01-30T15:59:17.759-0500][gc,marking  ] GC(5) Concurrent Mark From Roots 4.084ms
[2022-01-30T15:59:17.759-0500][gc,marking  ] GC(5) Concurrent Preclean
[2022-01-30T15:59:17.759-0500][gc,marking  ] GC(5) Concurrent Preclean 0.080ms
[2022-01-30T15:59:17.759-0500][gc,start    ] GC(5) Pause Remark
[2022-01-30T15:59:17.760-0500][gc          ] GC(5) Pause Remark 143M->143M(1024M) 1.322ms
[2022-01-30T15:59:17.760-0500][gc,cpu      ] GC(5) User=0.01s Sys=0.00s Real=0.01s
[2022-01-30T15:59:17.760-0500][gc,marking  ] GC(5) Concurrent Mark 5.766ms
[2022-01-30T15:59:17.760-0500][gc,marking  ] GC(5) Concurrent Rebuild Remembered Sets
[2022-01-30T15:59:17.764-0500][gc,marking  ] GC(5) Concurrent Rebuild Remembered Sets 3.549ms
[2022-01-30T15:59:17.764-0500][gc,start    ] GC(5) Pause Cleanup
[2022-01-30T15:59:17.764-0500][gc          ] GC(5) Pause Cleanup 144M->144M(1024M) 0.126ms
[2022-01-30T15:59:17.764-0500][gc,cpu      ] GC(5) User=0.00s Sys=0.00s Real=0.00s
[2022-01-30T15:59:17.764-0500][gc,marking  ] GC(5) Concurrent Cleanup for Next Mark
[2022-01-30T15:59:17.769-0500][gc,marking  ] GC(5) Concurrent Cleanup for Next Mark 4.923ms
[2022-01-30T15:59:17.769-0500][gc          ] GC(5) Concurrent Mark Cycle 17.347ms
[2022-01-30T15:59:58.526-0500][gc,heap,exit] Heap
[2022-01-30T15:59:58.527-0500][gc,heap,exit]  garbage-first heap   total 1048576K, used 162947K [0x00000007c0000000, 0x0000000800000000)
[2022-01-30T15:59:58.527-0500][gc,heap,exit]   region size 1024K, 18 young (18432K), 2 survivors (2048K)
[2022-01-30T15:59:58.527-0500][gc,heap,exit]  Metaspace       used 37607K, committed 38080K, reserved 1089536K
[2022-01-30T15:59:58.527-0500][gc,heap,exit]   class space    used 4611K, committed 4800K, reserved 1048576K
