[2022-01-30T15:54:05.568-0500][gc] Using G1
[2022-01-30T15:54:05.572-0500][gc,init] Version: 17.0.1+12-LTS-39 (release)
[2022-01-30T15:54:05.572-0500][gc,init] CPUs: 12 total, 12 available
[2022-01-30T15:54:05.572-0500][gc,init] Memory: 32768M
[2022-01-30T15:54:05.572-0500][gc,init] Large Page Support: Disabled
[2022-01-30T15:54:05.572-0500][gc,init] NUMA Support: Disabled
[2022-01-30T15:54:05.572-0500][gc,init] Compressed Oops: Enabled (Zero based)
[2022-01-30T15:54:05.572-0500][gc,init] Heap Region Size: 1M
[2022-01-30T15:54:05.572-0500][gc,init] Heap Min Capacity: 512M
[2022-01-30T15:54:05.572-0500][gc,init] Heap Initial Capacity: 512M
[2022-01-30T15:54:05.572-0500][gc,init] Heap Max Capacity: 512M
[2022-01-30T15:54:05.572-0500][gc,init] Pre-touch: Disabled
[2022-01-30T15:54:05.572-0500][gc,init] Parallel Workers: 10
[2022-01-30T15:54:05.572-0500][gc,init] Concurrent Workers: 3
[2022-01-30T15:54:05.572-0500][gc,init] Concurrent Refinement Workers: 10
[2022-01-30T15:54:05.572-0500][gc,init] Periodic GC: Disabled
[2022-01-30T15:54:05.572-0500][gc,metaspace] CDS archive(s) mapped at: [0x0000000800000000-0x0000000800bd4000-0x0000000800bd4000), size 12402688, SharedBaseAddress: 0x0000000800000000, ArchiveRelocationMode: 0.
[2022-01-30T15:54:05.572-0500][gc,metaspace] Compressed class space mapped at: 0x0000000800c00000-0x0000000840c00000, reserved size: 1073741824
[2022-01-30T15:54:05.572-0500][gc,metaspace] Narrow klass base: 0x0000000800000000, Narrow klass shift: 0, Narrow klass range: 0x100000000
[2022-01-30T15:54:06.375-0500][gc,start    ] GC(0) Pause Young (Normal) (G1 Evacuation Pause)
[2022-01-30T15:54:06.376-0500][gc,task     ] GC(0) Using 10 workers of 10 for evacuation
[2022-01-30T15:54:06.382-0500][gc,phases   ] GC(0)   Pre Evacuate Collection Set: 0.0ms
[2022-01-30T15:54:06.382-0500][gc,phases   ] GC(0)   Merge Heap Roots: 0.2ms
[2022-01-30T15:54:06.382-0500][gc,phases   ] GC(0)   Evacuate Collection Set: 3.8ms
[2022-01-30T15:54:06.382-0500][gc,phases   ] GC(0)   Post Evacuate Collection Set: 0.5ms
[2022-01-30T15:54:06.382-0500][gc,phases   ] GC(0)   Other: 1.7ms
[2022-01-30T15:54:06.382-0500][gc,heap     ] GC(0) Eden regions: 25->0(21)
[2022-01-30T15:54:06.382-0500][gc,heap     ] GC(0) Survivor regions: 0->4(4)
[2022-01-30T15:54:06.382-0500][gc,heap     ] GC(0) Old regions: 0->4
[2022-01-30T15:54:06.382-0500][gc,heap     ] GC(0) Archive regions: 2->2
[2022-01-30T15:54:06.382-0500][gc,heap     ] GC(0) Humongous regions: 0->0
[2022-01-30T15:54:06.382-0500][gc,metaspace] GC(0) Metaspace: 8652K(8832K)->8652K(8832K) NonClass: 7647K(7744K)->7647K(7744K) Class: 1004K(1088K)->1004K(1088K)
[2022-01-30T15:54:06.382-0500][gc          ] GC(0) Pause Young (Normal) (G1 Evacuation Pause) 25M->8M(512M) 7.087ms
[2022-01-30T15:54:06.382-0500][gc,cpu      ] GC(0) User=0.02s Sys=0.01s Real=0.01s
[2022-01-30T15:56:19.432-0500][gc,heap,exit] Heap
[2022-01-30T15:56:19.432-0500][gc,heap,exit]  garbage-first heap   total 524288K, used 14362K [0x00000007e0000000, 0x0000000800000000)
[2022-01-30T15:56:19.432-0500][gc,heap,exit]   region size 1024K, 10 young (10240K), 4 survivors (4096K)
[2022-01-30T15:56:19.432-0500][gc,heap,exit]  Metaspace       used 9971K, committed 10176K, reserved 1064960K
[2022-01-30T15:56:19.432-0500][gc,heap,exit]   class space    used 1168K, committed 1280K, reserved 1048576K
