[2022-01-30T15:45:18.722-0500][gc] Using G1
[2022-01-30T15:45:18.724-0500][gc,init] Version: 17.0.1+12-LTS-39 (release)
[2022-01-30T15:45:18.724-0500][gc,init] CPUs: 12 total, 12 available
[2022-01-30T15:45:18.724-0500][gc,init] Memory: 32768M
[2022-01-30T15:45:18.724-0500][gc,init] Large Page Support: Disabled
[2022-01-30T15:45:18.724-0500][gc,init] NUMA Support: Disabled
[2022-01-30T15:45:18.724-0500][gc,init] Compressed Oops: Enabled (Zero based)
[2022-01-30T15:45:18.724-0500][gc,init] Heap Region Size: 1M
[2022-01-30T15:45:18.724-0500][gc,init] Heap Min Capacity: 512M
[2022-01-30T15:45:18.724-0500][gc,init] Heap Initial Capacity: 512M
[2022-01-30T15:45:18.724-0500][gc,init] Heap Max Capacity: 512M
[2022-01-30T15:45:18.724-0500][gc,init] Pre-touch: Disabled
[2022-01-30T15:45:18.724-0500][gc,init] Parallel Workers: 10
[2022-01-30T15:45:18.724-0500][gc,init] Concurrent Workers: 3
[2022-01-30T15:45:18.724-0500][gc,init] Concurrent Refinement Workers: 10
[2022-01-30T15:45:18.724-0500][gc,init] Periodic GC: Disabled
[2022-01-30T15:45:18.725-0500][gc,metaspace] CDS archive(s) mapped at: [0x0000000800000000-0x0000000800bd4000-0x0000000800bd4000), size 12402688, SharedBaseAddress: 0x0000000800000000, ArchiveRelocationMode: 0.
[2022-01-30T15:45:18.725-0500][gc,metaspace] Compressed class space mapped at: 0x0000000800c00000-0x0000000840c00000, reserved size: 1073741824
[2022-01-30T15:45:18.725-0500][gc,metaspace] Narrow klass base: 0x0000000800000000, Narrow klass shift: 0, Narrow klass range: 0x100000000
[2022-01-30T15:54:00.479-0500][gc,heap,exit] Heap
[2022-01-30T15:54:00.479-0500][gc,heap,exit]  garbage-first heap   total 524288K, used 25046K [0x00000007e0000000, 0x0000000800000000)
[2022-01-30T15:54:00.479-0500][gc,heap,exit]   region size 1024K, 24 young (24576K), 0 survivors (0K)
[2022-01-30T15:54:00.479-0500][gc,heap,exit]  Metaspace       used 7512K, committed 7680K, reserved 1056768K
[2022-01-30T15:54:00.479-0500][gc,heap,exit]   class space    used 855K, committed 960K, reserved 1048576K
